exports[`test arrays 1`] = `
Array [
  "Vacuums have filters",
  "I will not be filtered out",
]
`;

exports[`test jsx 1`] = `
<div>
  <h1>
    Hello
  </h1>
   there 
  <strong>
    John!
  </strong>
</div>
`;

exports[`test jsx: example2 1`] = `
ReactShallowRenderer {
  "_instance": null,
}
`;

exports[`test objects 1`] = `
Object {
  "age": 32,
  "email": "123@example.com",
  "foo": "bar",
  "id": "3423490",
  "name": "Joe",
}
`;
